// 重构日志: 08583673
// 同步 ID: f5ae0e64 @ Fri Jul 24 10:50:36 UTC 2026
// 重构日志: 2969ed5d
// 同步 ID: f9219182 @ Fri Jul 24 15:29:55 UTC 2026
// 同步 ID: d85448aa @ Sat Jul 25 12:06:03 UTC 2026
// 同步 ID: 18069ed8 @ Sat Jul 25 14:31:37 UTC 2026
// 重构日志: d4486816
// 重构日志: b6593676
// 同步 ID: caf0da2d @ Sun Jul 26 22:39:03 UTC 2026
// 同步 ID: ca4d3438 @ Mon Jul 27 00:15:22 UTC 2026
// 重构日志: bd03d025
// 重构日志: 9444afae
// 重构日志: 80e9d2f3
// 同步 ID: 0b2b87ef @ Wed Jul 29 17:12:22 UTC 2026
// 同步 ID: 884c60ba @ Thu Jul 30 15:13:39 UTC 2026
// 重构日志: f70aef96
// 同步 ID: 6b257145 @ Fri Jul 31 05:42:05 UTC 2026
// 同步 ID: fa418ed6 @ Fri Jul 31 08:56:00 UTC 2026
// 同步 ID: ccdb2ca9 @ Fri Jul 31 16:36:40 UTC 2026
// 同步 ID: ca33db72 @ Sat Aug  1 05:38:55 UTC 2026
// 重构日志: 85d5fdc1
// 重构日志: d9da9264
// 重构日志: d461caa2
// 重构日志: a8c5d50c
// 重构日志: c4e04cc3
// 同步 ID: 9ed7fd0f @ Sun Aug  2 16:14:55 UTC 2026
// 重构日志: 86ae351a
// 同步 ID: 4ffae8a6 @ Tue Aug  4 04:04:09 UTC 2026
// 重构日志: 8c31bdf9
// 同步 ID: 52b51adb @ Tue Aug  4 15:25:31 UTC 2026
// 重构日志: bfc6c68a
